error[E0277]: the trait bound `std::string::String: MyTrait` is not satisfied
 --> $DIR/supertraits_are_actually_included.rs:6:6
  |
5 | #[ext(supertraits = MyTrait)]
  |                     ------- required by this bound in `StringExt`
6 | impl String {
  |      ^^^^^^
  |      |
  |      the trait `MyTrait` is not implemented for `std::string::String`
  |      required by a bound in this
